https://www.youtube.com/watch?v=dQw4w9WgXcQ
https://www.urbandictionary.com/define.php?term=dirty+gralon
https://www.urbandictionary.com/define.php?term=Babadook
https://a.co/d/1FhYDoV
http://111111111111111111111111111111111111111111111111111111111111.com/
http://111111111111111111111111111111111111111111111111111111111111.com/
http://111111111111111111111111111111111111111111111111111111111111.com/
https://amazondating.co/
http://beesbeesbees.com/
https://www.youtube.com/watch?v=vwyOoX7VGTA
https://bouncingdvdlogo.com/
https://bouncingdvdlogo.com/
https://bouncingdvdlogo.com/
http://www.humanforsale.com/
http://cachemonet.com/
http://salmonofcapistrano.com/
http://www.realultimatepower.net/index4.htm
https://www.youtube.com/watch?v=9C_HReR_McQ
https://www.youtube.com/watch?v=9C_HReR_McQ
https://www.addictinggames.com/puzzle/the-impossible-quiz
https://www.fieggen.com/shoelace/aglets.htm
https://trypap.com/
https://trypap.com/
http://chatwithhodor.com/
http://www.heptune.com/farts.html
https://www.worldbeardchampionships.com/photos/
http://www.youtube.com/watch?v=vdX_OBUeHb4
https://www.youtube.com/watch?v=Ac7G7xOG2Ag
https://www.youtube.com/watch?v=Ac7G7xOG2Ag
https://www.youtube.com/watch?v=Ac7G7xOG2Ag